<html>
<body>
<pre>
<h1>µVision Build Log</h1>
<h2>Project:</h2>
C:\Users\User\Desktop\project\kernel\kernel.uvproj
Project File Date:  11/19/2023

<h2>Output:</h2>
Build target 'Target 1'
assembling Startup.s...
compiling kernel.c...
kernel.c(8): warning:  #1295-D: Deprecated declaration lcd_int - give arg types
kernel.c(13): warning:  #951-D: return type of function "main" must be "int"
kernel.c(61): warning:  #1-D: last line of file ends without a newline
linking...
Program Size: Code=1272 RO-data=32 RW-data=4 ZI-data=1260  
"kernel.axf" - 0 Error(s), 3 Warning(s).
Build target 'Target 1'
compiling kernel.c...
linking...
Program Size: Code=1272 RO-data=32 RW-data=4 ZI-data=1260  
"kernel.axf" - 0 Error(s), 0 Warning(s).
Build target 'Target 1'
linking...
Program Size: Code=1272 RO-data=32 RW-data=4 ZI-data=1260  
FromELF: creating hex file...
"kernel.axf" - 0 Error(s), 0 Warning(s).
